// Jest Snapshot v1, https://goo.gl/fbAQLP

exports[`App.test snapshot renders 1`] = `undefined`;
