// Jest Snapshot v1, https://goo.gl/fbAQLP

exports[`Panel.test renders without crashing 1`] = `undefined`;
